[img.itch.zone/aW1hZ2UvNzUxNTIvMzUyNTEwLmdpZg==/32x32#m/axWEY/.gif]
[backblue.gif]
[fade.gif]
[index.html]
[cdn.siftscience.com/s.js]
[itch.io/static/gameb899.css]
[itch.io/static/libb899.js]
[itch.io/static/bundle.minb899.js]
[itch.io/static/lib/jquery.maskMoney.js]
[www.google-analytics.com/analytics.js]
[itch.io/static/game.minb899.js]
[img.itch.io/aW1hZ2UvNzUxNTIvMzQ4MTIwLmdpZg==/250x600/d3shix.gif]
[img.itch.io/aW1hZ2UvNzUxNTIvMzQ4MTIxLmdpZg==/250x600/agAbb.gif]
[img.itch.io/aW1hZ2UvNzUxNTIvMzQ4MTIyLnBuZw==/250x600/WSdzp5.png]
[img.itch.zone/aW1hZ2UyL3VzZXIvNDMyNjEvMTE1NTE2OC5qcGc=/25x25#/b87b/r.jpg]
[img.itch.zone/aW1hZ2UyL3VzZXIvOTg0MjQyLzEwNjg5ODcuanBn/25x25#/CzWbZW.jpg]
[img.itch.zone/aW1hZ2UyL3VzZXIvMTk4OTM3LzM0ODEzNi5wbmc=/25x25#/XhRTlq.png]
[nusan.itch.io/static/images/frog-red.png]
[img.itch.zone/aW1hZ2UyL3VzZXIvNzYzOTc3LzgyNzc1OS5wbmc=/25x25#/zPImH4.png]
[img.itch.zone/aW1hZ2UyL3VzZXIvNTU1OTU3LzYwNDcwMC5qcGc=/25x25#/qerhdR.jpg]
[nusan.itch.io/static/images/frog-gold.png]
[nusan.itch.io/static/images/frog-blue.png]
[img.itch.zone/aW1hZ2UyL3VzZXIvMjUwMTEwLzk4ODkwOS5wbmc=/25x25#/GTdhlJ.png]
[img.itch.zone/aW1hZ2UyL3VzZXIvMjEwNzY5LzM2MTc5Ny5qcGc=/25x25#/4eqJzL.jpg]
[img.itch.zone/aW1hZ2UyL3VzZXIvMjE5NTg0LzM3MjkzNC5qcGc=/25x25#/EKkbeQ.jpg]
[img.itch.zone/aW1hZ2UyL3VzZXIvMTQ0LzQzODE1LnBuZw==/25x25#/8xaHC4.png]
[img.itch.zone/aW1hZ2UyL3VzZXIvMjA3MzMzLzczMzQ0Mi5naWY=/25x25#/eEVAW.gif]
[img.itch.zone/aW1hZ2UyL3VzZXIvMjA1MzQxLzYzMDU3NS5qcGc=/25x25#/bAEemi.jpg]
[img.itch.zone/aW1hZ2UyL3VzZXIvMTc3Ny8zNTI3MzcucG5n/25x25#/9xblc.png]
[nusan.itch.io/static/images/frog-cyan.png]
[img.itch.zone/aW1hZ2UvNzUxNTIvMzQ4MTIwLmdpZg==/original/nr61WB.gif]
[img.itch.zone/aW1hZ2UvNzUxNTIvMzQ4MTIwLmdpZg==/347x500/Io4jaE.gif]
[img.itch.zone/aW1hZ2UvNzUxNTIvMzQ4MTIxLmdpZg==/original/BF2Htm.gif]
[img.itch.zone/aW1hZ2UvNzUxNTIvMzQ4MTIxLmdpZg==/347x500/xzqH1o.gif]
[img.itch.zone/aW1hZ2UvNzUxNTIvMzQ4MTIyLnBuZw==/347x500/EgPd0W.png]
[nusan.itch.io/combo-pool.html]
[itch.io/static/lib/farbtastic/wheel.png]
[itch.io/static/lib/farbtastic/mask.png]
[itch.io/static/lib/farbtastic/marker.png]
[itch.io/static/loader.gif]
[itch.io/static/loader-dark.gif]
[itch.io/static/loader-huge.gif]
[itch.io/static/cc-loader.gif]
[itch.io/static/images/popup-tick-right.png]
[itch.io/static/images/popup-tick-left.png]
[itch.io/static/fonts/04b03.eot]
[itch.io/static/fonts/04b03d41d.eot]
[itch.io/static/fonts/04b03.woff2]
[itch.io/static/fonts/04b03.woff]
[itch.io/static/fonts/04b03.ttf]
[itch.io/static/icons/fonts/icomoon053c.eot]
[itch.io/static/icons/fonts/icomoon053c.ttf]
[itch.io/static/icons/fonts/icomoon053c.woff]
[itch.io/static/gameb899.css]
[itch.io/static/libb899.js]
[www.google.com/recaptcha/apie757.js]
[connect.facebook.net/en_GB/sdk.js]
[platform.twitter.com/widgets.js]
[itch.io/static/bundle.minb899.js]
[itch.io/static/lib/jquery.maskMoney.js]
[itch.io/static/game.minb899.js]
[nusan.itch.io/static/manifest.json]
[itch.io/static/popupb899.css]
[itch.io/static/checkoutb899.js]
[nusan.itch.io/combo-pool/purchase.html]
[itch.io/static/userb899.css]
[itch.io/static/lib/jquery.sticky-kit-1.1.1-1.min.js]
[itch.io/static/lib/antiscroll.min.js]
[itch.io/static/user.minb899.js]
[nusan.itch.io/index.html]
[img.itch.zone/aW1hZ2UyL3VzZXIvMzA2MjUvODM3NzExLnBuZw==/25x25#/+47M+l.html]
[img.itch.zone/aW1hZ2UyL3VzZXIvMTE2NDM5LzM4MzQzNy5naWY=/25x25#/F+AxSg.html]
[img.itch.zone/aW1hZ2UvNzUxNTIvMzQ4MTIyLnBuZw==/original/SL+QUe.html]
[itch.io/static/images/loading.svg]
[itch.io/static/images/logo-white-new.svg]
[itch.io/static/images/logo-white-new-halloween.svg]
[itch.io/static/images/itchio-textless-white.svg]
[itch.io/static/images/logo-textless-white-holiday.svg]
[itch.io/static/images/itchio-textless-white-halloween.svg]
[itch.io/static/icons/fonts/icomoon053c.svg]
[connect.facebook.net/en_GB/sdk.js]
[nusan.itch.io/ca.gif]
[nusan.itch.io/POST.html]
[itch.io/static/popupb899.css]
[itch.io/static/checkoutb899.js]
[nusan.itch.io/combo-pool/'https_/img.itch.zone/aW1hZ2UvNzUxNTIvMzUyNTEwLmdpZg==/180x143#/wwBppv.html]
[itch.io/static/userb899.css]
[itch.io/static/lib/jquery.sticky-kit-1.1.1-1.min.js]
[itch.io/static/lib/antiscroll.min.js]
[itch.io/static/user.minb899.js]
[img.itch.zone/aW1hZ2UyL3VzZXIvMzQ3MzkvNTk3NzI1LnBuZw==/25x25#/kS7zx8.png]
[img.itch.zone/aW1hZ2UyL3VzZXIvNjM2MjMvODkwNDk0LmpwZw==/25x25#/8BWvEs.jpg]
[img.itch.zone/aW1hZ2UvMjE1NjIzLzEwMTcxNTIucG5n/original/FbAqbw.png]
[img.itch.zone/aW1hZ2UvMjE1NjIzLzEwMTcxNTIucG5n/347x500/0uRbLe.png]
[img.itch.zone/aW1hZ2UvMjE1NjIzLzEwMTcxNTMucG5n/347x500/LU/eXy.png]
[img.itch.zone/aW1hZ2UvMjE1NjIzLzEwMTcxNTQucG5n/original/fVu9PE.png]
[img.itch.zone/aW1hZ2UvMjE1NjIzLzEwMTcxNTQucG5n/347x500/7Uf+k.png]
[nusan.itch.io/defacto.html]
[nusan.itch.io/'https_/img.itch.zone/aW1hZ2UvMjE1NjIzLzEwMTcwMTUuZ2lm/315x250#cm/By2QiS.html]
[img.itch.zone/aW1hZ2UvMTIyNjQxLzU3MzgxMS5naWY=/32x32#m/bAEhVT.png]
[img.itch.zone/aW1hZ2UvMTIyNjQxLzU2NTgyMi5wbmc=/original/46W21K.png]
[img.itch.zone/aW1hZ2UvMTIyNjQxLzU2NTgyMy5wbmc=/original/2qEKzp.png]
[img.itch.zone/aW1hZ2UyL3VzZXIvNTg1OTMvMTEzMjAxNi5wbmc=/25x25#/uV16Sq.png]
[img.itch.zone/aW1hZ2UyL3VzZXIvOTc4OTczLzEwNjIyNTMuanBn/25x25#/MgtQfj.jpg]
[img.itch.zone/aW1hZ2UyL3VzZXIvMTc0NzI0Lzc3NDA2Ni5wbmc=/25x25#/1jvuKS.png]
[img.itch.zone/aW1hZ2UyL3VzZXIvNDc2Njk3LzkxMzg0My5qcGc=/25x25#/HLXwIT.jpg]
[img.itch.zone/aW1hZ2UyL3VzZXIvNzQzMTgzLzgwNDgzNi5wbmc=/25x25#/wC5xrE.png]
[img.itch.zone/aW1hZ2UyL3VzZXIvNjgyNzY3LzcyODU4OS5wbmc=/25x25#/IXoh4H.png]
[img.itch.zone/aW1hZ2UyL3VzZXIvMjQ2Njg5LzQ1ODgyOC5wbmc=/25x25#/RuL53Y.png]
[img.itch.zone/aW1hZ2UyL3VzZXIvNDc2MTUyLzU0NzQ0Mi5wbmc=/25x25#/VmU4El.png]
[img.itch.zone/aW1hZ2UyL3VzZXIvMzY5MjQyLzc4MzYxNy5wbmc=/25x25#/kwGUDZ.png]
[img.itch.zone/aW1hZ2UyL3VzZXIvMjQ5NTIzLzk4Nzk0Ni5wbmc=/25x25#/p0yRjN.png]
[img.itch.zone/aW1hZ2UyL3VzZXIvNTc4MjIvMTE1OTQ4LnBuZw==/25x25#/fDJtxz.png]
[img.itch.zone/aW1hZ2UyL3VzZXIvMjg5MjgvNDQ4MTI3LmpwZw==/25x25#/rIOJX.jpg]
[img.itch.zone/aW1hZ2UyL3VzZXIvNDQ3MDMyLzcxNzkxOS5wbmc=/25x25#/ySMMcO.png]
[img.itch.zone/aW1hZ2UyL3VzZXIvMjM3MzUwLzc2MjgwMC5qcGc=/25x25#/OaflNB.jpg]
[img.itch.zone/aW1hZ2UyL3VzZXIvNTMxOC81OTM1MDYucG5n/25x25#/XvGxBd.png]
[img.itch.zone/aW1hZ2UvMTIyNjQxLzU2NDkwNi5qcGc=/original/uyMGPM.jpg]
[img.itch.zone/aW1hZ2UvMTIyNjQxLzU2NDkwNi5qcGc=/347x500/Qa9j1v.jpg]
[img.itch.zone/aW1hZ2UvMTIyNjQxLzU3MjkzNi5qcGc=/original/0scUFz.jpg]
[img.itch.zone/aW1hZ2UvMTIyNjQxLzU2NDkwNy5qcGc=/original/RiMz4S.jpg]
[img.itch.zone/aW1hZ2UvMTIyNjQxLzU2NDkwNy5qcGc=/347x500/jZy9id.jpg]
[img.itch.zone/aW1hZ2UvMTIyNjQxLzU2NDkwOC5qcGc=/original/yq+RWU.jpg]
[img.itch.zone/aW1hZ2UvMTIyNjQxLzU2NDkwOC5qcGc=/347x500/667RU.jpg]
[nusan.itch.io/fragments-of-euclid.html]
[nusan.itch.io/'https_/img.itch.zone/aW1hZ2UvMTIyNjQxLzU3MzgxMS5naWY=/315x250#cm/+DS2+E.html]
[img.itch.zone/aW1hZ2UvMTA0NjgyLzQ4NjMyNy5wbmc=/32x32#/4T6Ubw.png]
[lezanu.fr/LD37/Stairs.gif]
[img.itch.zone/aW1hZ2UyL3VzZXIvNzI0Mzc2Lzc5OTg0MS5wbmc=/25x25#/5tAaeM.png]
[img.itch.zone/aW1hZ2UyL3VzZXIvNjY3ODQ1LzcxNzc3My5wbmc=/25x25#/3Nkxn4.png]
[img.itch.zone/aW1hZ2UyL3VzZXIvNTA5MjA5LzEwMTU5MTIuanBn/25x25#/OsWsWf.jpg]
[img.itch.zone/aW1hZ2UyL3VzZXIvODgyODYvNTE4NTU1LnBuZw==/25x25#/CXxbSt.png]
[img.itch.zone/aW1hZ2UyL3VzZXIvMTkyMzk0LzQ5OTA2NS5qcGc=/25x25#/fNkiRJ.jpg]
[img.itch.zone/aW1hZ2UvMTA0NjgyLzQ4NjMyOC5qcGc=/original/bMFOlC.jpg]
[img.itch.zone/aW1hZ2UvMTA0NjgyLzQ4NjMyOC5qcGc=/347x500/UtTtWg.jpg]
[img.itch.zone/aW1hZ2UvMTA0NjgyLzQ4NjMyOS5qcGc=/original/EE1YaA.jpg]
[img.itch.zone/aW1hZ2UvMTA0NjgyLzQ4NjMyOS5qcGc=/347x500/VMYefz.jpg]
[img.itch.zone/aW1hZ2UvMTA0NjgyLzQ4NjMzMC5qcGc=/original/KeBXyC.jpg]
[img.itch.zone/aW1hZ2UvMTA0NjgyLzQ4NjMzMC5qcGc=/347x500/fEdIDi.jpg]
[img.itch.zone/aW1hZ2UvMTA0NjgyLzQ4NjMzMS5qcGc=/original/UvETHd.jpg]
[img.itch.zone/aW1hZ2UvMTA0NjgyLzQ4NjMzMS5qcGc=/347x500/nYBQ1o.jpg]
[nusan.itch.io/non-euclidean-room.html]
[nusan.itch.io/'https_/img.itch.zone/aW1hZ2UvMTA0NjgyLzQ4NjMyNy5wbmc=/315x250#c/vZkVVC.html]
[img.itch.zone/aW1hZ2UvNzcxNzkvMzU5Njg2LnBuZw==/32x32#/yzKHOQ.png]
[img.itch.zone/aW1hZ2UyL3VzZXIvNTE0MjEvNjgwNDI3LmpwZw==/25x25#/kCw77g.jpg]
[img.itch.zone/aW1hZ2UyL3VzZXIvMzgxODUvMTI2NTEyLnBuZw==/25x25#/UgPC7K.png]
[img.itch.zone/aW1hZ2UyL3VzZXIvNTA0NzgvODg0MTI3LnBuZw==/25x25#/Gql1pW.png]
[img.itch.zone/aW1hZ2UyL3VzZXIvMTQ3NTUzLzI3MDU2Ni5wbmc=/25x25#/FODnPp.png]
[img.itch.zone/aW1hZ2UyL3VzZXIvMzQxMzQvNjA0MDMxLmpwZw==/25x25#/BJ4ODW.jpg]
[img.itch.zone/aW1hZ2UyL3VzZXIvNDMwMjcvMjQzNTQ0LmpwZw==/25x25#/TI1AHQ.jpg]
[img.itch.zone/aW1hZ2UvNzcxNzkvMzU5Njg3LmdpZg==/original/5/Ophp.gif]
[img.itch.zone/aW1hZ2UvNzcxNzkvMzU5Njg5LmdpZg==/original/2q/Xqg.gif]
[img.itch.zone/aW1hZ2UvNzcxNzkvMzU5Njg5LmdpZg==/347x500/A5afse.gif]
[img.itch.zone/aW1hZ2UvNzcxNzkvMzU5Njg4LmdpZg==/347x500/EvF9RS.gif]
[nusan.itch.io/alone-in-pico.html]
[nusan.itch.io/'https_/img.itch.zone/aW1hZ2UvNzcxNzkvMzU5Njg2LnBuZw==/315x250#c/ikzB7d.html]
[nusan.itch.io/'https_/img.itch.zone/aW1hZ2UvNzUxNTIvMzUyNTEwLmdpZg==/315x250#cm/PpqYNE.html]
[img.itch.zone/aW1hZ2UvNzUzMDgvMzQ4ODkzLnBuZw==/32x32#/yWvNTM.png]
[img.itch.zone/aW1hZ2UyL3VzZXIvMTAxNjQ0OC8xMTIxMzc3LmpwZw==/25x25#/fYqvkt.jpg]
[img.itch.zone/aW1hZ2UyL3VzZXIvNjQ5MDAxLzcwMDgxNy5wbmc=/25x25#/f6jUlZ.png]
[img.itch.zone/aW1hZ2UvNzUzMDgvMzQ4ODk4LmdpZg==/original/SMq0Kt.gif]
[img.itch.zone/aW1hZ2UvNzUzMDgvMzQ4ODk4LmdpZg==/347x500/xXZNVH.gif]
[img.itch.zone/aW1hZ2UvNzUzMDgvMzQ4ODk3LmdpZg==/original/RH/hs3.gif]
[img.itch.zone/aW1hZ2UvNzUzMDgvMzQ4ODk3LmdpZg==/347x500/T8bH90.gif]
[nusan.itch.io/cyclo-8.html]
[nusan.itch.io/'https_/img.itch.zone/aW1hZ2UvNzUzMDgvMzQ4ODkzLnBuZw==/315x250#c/408vBp.html]
[img.itch.zone/aW1hZ2UyL3VzZXIvMTAzNzk5NS8xMTU2NjMzLnBuZw==/25x25#/VFfFhk.png]
[img.itch.zone/aW1hZ2UyL3VzZXIvODA1MDgzLzExMjg4NzAucG5n/25x25#/MFGJS.png]
[img.itch.zone/aW1hZ2UyL3VzZXIvMTM2NzE2LzYwMjg4Mi5qcGc=/25x25#/NmUVeH.jpg]
[img.itch.zone/aW1hZ2UyL3VzZXIvODAzMDUwLzEwNzEwMTcucG5n/25x25#/VDzzg4.png]
[img.itch.zone/aW1hZ2UvNzUxNjEvMzQ4MTUxLmdpZg==/original/yW98lb.gif]
[img.itch.zone/aW1hZ2UvNzUxNjEvMzQ4MTUyLmdpZg==/original/RX3iwG.gif]
[img.itch.zone/aW1hZ2UvNzUxNjEvMzQ4MTUyLmdpZg==/347x500/Txukzw.gif]
[nusan.itch.io/pcraft.html]
[nusan.itch.io/'https_/img.itch.zone/aW1hZ2UvNzUxNjEvMzQ4MTUwLnBuZw==/315x250#c/7IIvsF.html]
[img.itch.zone/aW1hZ2UvNzUzMzIvMzQ5MDUzLnBuZw==/32x32#/YtSJn2.png]
[img.itch.zone/aW1hZ2UvNzUzMzIvMzQ5MDU2LnBuZw==/original/4iZ8XA.png]
[img.itch.zone/aW1hZ2UvNzUzMzIvMzQ5MDU2LnBuZw==/347x500/Zb5lk.png]
[img.itch.zone/aW1hZ2UvNzUzMzIvMzQ5MDU3LnBuZw==/347x500/552qBz.png]
[nusan.itch.io/photophobia.html]
[nusan.itch.io/'https_/img.itch.zone/aW1hZ2UvNzUzMzIvMzQ5MDUzLnBuZw==/315x250#c/EWoGbY.html]
[img.itch.zone/aW1hZ2UvNzUyNDAvMzQ4NjMzLnBuZw==/32x32#/EsrANu.png]
[lezanu.fr/LD30/Banner.png]
[img.itch.zone/aW1hZ2UvNzUyNDAvMzQ4NjQwLnBuZw==/original/b5FZec.png]
[img.itch.zone/aW1hZ2UvNzUyNDAvMzQ4NjQwLnBuZw==/347x500/sv7Y/X.png]
[img.itch.zone/aW1hZ2UvNzUyNDAvMzQ4NjQxLnBuZw==/347x500/oLNu6H.png]
[img.itch.zone/aW1hZ2UvNzUyNDAvMzQ4NjQyLnBuZw==/original/Cr7VbM.png]
[img.itch.zone/aW1hZ2UvNzUyNDAvMzQ4NjQyLnBuZw==/347x500/p6eKAs.png]
[nusan.itch.io/path-of-supernova.html]
[nusan.itch.io/'https_/img.itch.zone/aW1hZ2UvNzUyNDAvMzQ4NjMzLnBuZw==/315x250#c/eVuXyp.html]
[img.itch.zone/aW1hZ2UvNzcxNzcvMzU5Njc4LnBuZw==/32x32#/XRrdyx.png]
[img.itch.zone/aW1hZ2UyL3VzZXIvMzMxOTUvOTc0MTQ2LnBuZw==/25x25#/lDraM0.png]
[img.itch.zone/aW1hZ2UyL3VzZXIvMjE3NDE0LzM4MzQzMS5wbmc=/25x25#/1JUtje.png]
[img.itch.zone/aW1hZ2UvNzcxNzcvMzU5Njc5LmdpZg==/original/52ibRm.gif]
[img.itch.zone/aW1hZ2UvNzcxNzcvMzU5Njc5LmdpZg==/347x500/RqLBy8.gif]
[img.itch.zone/aW1hZ2UvNzcxNzcvMzU5NjgwLmdpZg==/original/7O1Wgx.gif]
[img.itch.zone/aW1hZ2UvNzcxNzcvMzU5NjgwLmdpZg==/347x500/0fhl4F.gif]
[nusan.itch.io/rain-culture.html]
[nusan.itch.io/'https_/img.itch.zone/aW1hZ2UvNzcxNzcvMzU5Njc4LnBuZw==/315x250#c/zSGf9J.html]
[img.itch.zone/aW1hZ2UvNzcxODAvMzU5Njk0LnBuZw==/32x32#/PYZnu3.png]
[img.itch.zone/aW1hZ2UyL3VzZXIvMjA5NDg5LzM2MzM3Ni5qcGc=/25x25#/u/JgX9.jpg]
[img.itch.zone/aW1hZ2UvNzcxODAvMzU5Njk1LmdpZg==/347x500/0yKIwa.gif]
[img.itch.zone/aW1hZ2UvNzcxODAvMzU5Njk2LmdpZg==/original/gdBw27.gif]
[img.itch.zone/aW1hZ2UvNzcxODAvMzU5Njk2LmdpZg==/347x500/5ErLnX.gif]
[nusan.itch.io/the-serpents-shadow.html]
[nusan.itch.io/'https_/img.itch.zone/aW1hZ2UvNzcxODAvMzU5Njk0LnBuZw==/315x250#c/qDpXry.html]
[img.itch.zone/aW1hZ2UvMjE1NjIzLzEwMTcwMTUuZ2lm/32x32#m/wtJ99o.gif]
[img.itch.zone/aW1hZ2UyL3VzZXIvOTUxMjA5LzEwMTk0NjQuZ2lm/25x25#/4ip7IL.gif]
[img.itch.zone/aW1nLzEwMTcyOTYuZ2lm/original/UoOdP3.gif]
[img.itch.zone/aW1hZ2UvMjE1NjIzLzEwMTcxNTMucG5n/original/cg2Bo+.html]
[img.itch.zone/aW1hZ2UyL3VzZXIvMjQyNzM3Lzg5MjM2NS5wbmc=/25x25#/yyEouR.png]
[img.itch.zone/aW1hZ2UyL3VzZXIvNjIzNDkwLzY3NTQ0MS5wbmc=/25x25#/YoO8Kr.png]
[img.itch.zone/aW1hZ2UyL3VzZXIvMjA1NzcxLzM1NjM1MS5qcGc=/25x25#/mjL76B.jpg]
[img.itch.zone/aW1hZ2UyL3VzZXIvNjQ0OTkwLzc1NDc3OC5qcGc=/25x25#/qTX4+k.html]
[img.itch.zone/aW1hZ2UyL3VzZXIvNjUzMDk3LzcwNDk5Ni5wbmc=/25x25#/EddU+B.html]
[img.itch.zone/aW1hZ2UyL3VzZXIvMjEwMjc3LzU5OTk3NC5wbmc=/25x25#/J34Ia+.html]
[img.itch.zone/aW1hZ2UvMTIyNjQxLzU3MjkzNi5qcGc=/347x500/44U+ka.html]
[img.itch.zone/aW1hZ2UyL3VzZXIvMTAyNDgyLzMxMDEzMC5wbmc=/25x25#/t+y5Nc.html]
[img.itch.zone/aW1hZ2UvNzcxNzkvMzU5Njg3LmdpZg==/347x500/O+P7Xt.html]
[img.itch.zone/aW1hZ2UvNzcxNzkvMzU5Njg4LmdpZg==/original/+vs7x/.html]
[img.itch.zone/aW1hZ2UvNzUxNjEvMzQ4MTUwLnBuZw==/32x32#/n1gqij.png]
[img.itch.zone/aW1hZ2UvNzUxNjEvMzQ4MTUxLmdpZg==/347x500/W+YV0C.html]
[img.itch.zone/aW1hZ2UyL3VzZXIvODg1NjUzLzk1MzU1NC5wbmc=/25x25#/QbZM8O.png]
[img.itch.zone/aW1hZ2UyL3VzZXIvMjMwNjE3LzM5Mjg1OC5wbmc=/25x25#/4dHJNg.png]
[img.itch.zone/aW1hZ2UvNzUzMzIvMzQ5MDU3LnBuZw==/original/yXO+c8.html]
[lezanu.fr/LD30/Banner.png]
[img.itch.zone/aW1hZ2UvNzUyNDAvMzQ4NjQxLnBuZw==/original/pGJM+H.html]
[img.itch.zone/aW1hZ2UvNzcxODAvMzU5Njk1LmdpZg==/original/Gao+yd.html]
[itch.io/static/images/handle.png]
[itch.io/static/game27e6.css]
[itch.io/static/lib27e6.js]
[itch.io/static/bundle.min27e6.js]
[itch.io/static/game.min27e6.js]
[nusan.itch.io/defacto/purchase]
[nusan.itch.io/fragments-of-euclid/purchase]
[nusan.itch.io/fragments-of-euclid/commentsd4cc]
[nusan.itch.io/fragments-of-euclid/comments2054]
[nusan.itch.io/static/images/frog.png]
[nusan.itch.io/non-euclidean-room/purchase]
[img.itch.io/aW1hZ2UvNzcxNzkvMzU5Njg3LmdpZg==/250x600/px9TDF.gif]
[img.itch.io/aW1hZ2UvNzcxNzkvMzU5Njg4LmdpZg==/250x600/SPNwBh.gif]
[nusan.itch.io/cyclo-8/donate]
[img.itch.io/aW1hZ2UvNzUzMDgvMzQ4ODk4LmdpZg==/250x600/sxFAO.gif]
[img.itch.io/aW1hZ2UvNzUzMDgvMzQ4ODk3LmdpZg==/250x600/N/0Xaq.gif]
[nusan.itch.io/pcraft/devlog.rss]
[nusan.itch.io/pcraft/purchase]
[img.itch.io/aW1hZ2UvNzUxNjEvMzQ4MTUxLmdpZg==/250x600/9A+k5j.gif]
[img.itch.io/aW1hZ2UvNzUxNjEvMzQ4MTUyLmdpZg==/250x600/r8/d5x.gif]
[nusan.itch.io/pcraft/devlog/17121/pcraft-deluxe-edition]
[nusan.itch.io/photophobia/purchase]
[img.itch.io/aW1hZ2UvNzUzMzIvMzQ5MDU2LnBuZw==/250x600/I7Y3Pw.png]
[img.itch.io/aW1hZ2UvNzUzMzIvMzQ5MDU3LnBuZw==/250x600/QF2vTS.png]
[nusan.itch.io/path-of-supernova/purchase]
[img.itch.io/aW1hZ2UvNzUyNDAvMzQ4NjQwLnBuZw==/250x600/5kHBPq.png]
[img.itch.io/aW1hZ2UvNzUyNDAvMzQ4NjQxLnBuZw==/250x600/66eJOe.png]
[img.itch.io/aW1hZ2UvNzUyNDAvMzQ4NjQyLnBuZw==/250x600/5pGhsO.png]
[nusan.itch.io/rain-culture/donate]
[img.itch.io/aW1hZ2UvNzcxNzcvMzU5Njc5LmdpZg==/250x600/WQcgS+.gif]
[img.itch.io/aW1hZ2UvNzcxNzcvMzU5NjgwLmdpZg==/250x600/N9j3SV.gif]
[nusan.itch.io/the-serpents-shadow/donate]
[img.itch.io/aW1hZ2UvNzcxODAvMzU5Njk1LmdpZg==/250x600/GWbPIa.gif]
[img.itch.io/aW1hZ2UvNzcxODAvMzU5Njk2LmdpZg==/250x600/9R9N7f.gif]
